INFO:     Started server process [10408]
INFO:     Waiting for application startup.
2026-07-12T16:38:20.754345Z [info     ] fyp_portal_starting            [main] backend_url=http://localhost:8080 environment=development
2026-07-12T16:38:21.552431Z [info     ] supabase_client_initialized    [app.db.supabase_client]
2026-07-12T16:38:21.557601Z [info     ] supabase_connected             [main]
INFO:     Application startup complete.
INFO:     Uvicorn running on http://0.0.0.0:8000 (Press CTRL+C to quit)
detected 'bcrypt' backend, version '4.0.1'
'bcrypt' backend lacks $2$ support, enabling workaround
2026-07-12T16:45:34.295425Z [info     ] audit_log_written              [app.utils.audit] action_type=login_failed actor_id=None resource_type=session
2026-07-12T16:45:51.562881Z [info     ] audit_log_written              [app.utils.audit] action_type=login_failed actor_id=None resource_type=session
2026-07-12T16:46:18.585799Z [info     ] otp_sent                       [app.services.auth_service] role=admin
2026-07-12T16:46:18.947688Z [info     ] audit_log_written              [app.utils.audit] action_type=otp_requested actor_id=8937e5b3-b4b5-4b31-9622-2fe4803585ba resource_type=admin_login
2026-07-12T16:46:18.948928Z [info     ] audit_log_written              [app.utils.audit] action_type=otp_requested actor_id=8937e5b3-b4b5-4b31-9622-2fe4803585ba resource_type=otp
2026-07-12T16:46:23.703503Z [info     ] email_accepted_by_smtp         [app.email.smtp_client] attempt=1 response_type=str
2026-07-12T16:46:38.781453Z [info     ] session_created                [app.services.auth_service] role=admin user_id=8937e5b3-b4b5-4b31-9622-2fe4803585ba
2026-07-12T16:46:39.225516Z [info     ] audit_log_written              [app.utils.audit] action_type=otp_verified actor_id=8937e5b3-b4b5-4b31-9622-2fe4803585ba resource_type=session
2026-07-12T16:47:32.170108Z [info     ] audit_log_written              [app.utils.audit] action_type=logout actor_id=8937e5b3-b4b5-4b31-9622-2fe4803585ba resource_type=session
2026-07-12T16:47:43.735715Z [info     ] audit_log_written              [app.utils.audit] action_type=login_failed actor_id=None resource_type=session
2026-07-12T16:48:03.114876Z [info     ] audit_log_written              [app.utils.audit] action_type=login_succeeded actor_id=db4fd228-98a9-45a5-af0a-3cde8a293251 resource_type=session
2026-07-12T16:50:02.576935Z [info     ] lifecycle_updated              [app.services.project_service] from_stage=supervisor_assigned project_id=1a628c67-c2a8-4f07-99de-fbda8eb5125d to_stage=awaiting_review
2026-07-12T16:50:03.309238Z [info     ] audit_log_written              [app.utils.audit] action_type=document_uploaded actor_id=db4fd228-98a9-45a5-af0a-3cde8a293251 resource_type=document
2026-07-12T16:54:26.405412Z [info     ] audit_log_written              [app.utils.audit] action_type=logout actor_id=db4fd228-98a9-45a5-af0a-3cde8a293251 resource_type=session
2026-07-12T16:55:06.034374Z [info     ] audit_log_written              [app.utils.audit] action_type=login_succeeded actor_id=9a67ef1c-dd6f-5f02-8132-dd65a2c8de73 resource_type=session
2026-07-12T17:00:28.118837Z [info     ] otp_sent                       [app.services.auth_service] role=student
2026-07-12T17:00:28.481257Z [info     ] audit_log_written              [app.utils.audit] action_type=otp_requested actor_id=db4fd228-98a9-45a5-af0a-3cde8a293251 resource_type=otp
2026-07-12T17:00:33.329307Z [info     ] email_accepted_by_smtp         [app.email.smtp_client] attempt=1 response_type=str
2026-07-12T17:01:14.271257Z [info     ] audit_log_written              [app.utils.audit] action_type=password_reset actor_id=db4fd228-98a9-45a5-af0a-3cde8a293251 resource_type=students
2026-07-12T17:01:35.425723Z [info     ] audit_log_written              [app.utils.audit] action_type=login_succeeded actor_id=db4fd228-98a9-45a5-af0a-3cde8a293251 resource_type=session
2026-07-12T17:03:01.760150Z [info     ] audit_log_written              [app.utils.audit] action_type=document_uploaded actor_id=db4fd228-98a9-45a5-af0a-3cde8a293251 resource_type=document
2026-07-12T17:04:04.844363Z [info     ] audit_log_written              [app.utils.audit] action_type=logout actor_id=db4fd228-98a9-45a5-af0a-3cde8a293251 resource_type=session
C:\Users\walee\AppData\Local\Programs\Python\Python311\Lib\site-packages\structlog\_base.py:167: UserWarning: Remove `format_exc_info` from your processor chain if you want pretty exceptions.
  event_dict = proc(self._logger, method_name, event_dict)
2026-07-12T17:04:30.111042Z [error    ] unhandled_exception            [main] correlation_id=af91fede-84ee-41e8-97a7-3f3985686d25 error_type=RemoteProtocolError method=POST path=/api/auth/login
Traceback (most recent call last):
  File "C:\Users\walee\AppData\Local\Programs\Python\Python311\Lib\site-packages\httpx\_transports\default.py", line 69, in map_httpcore_exceptions
    yield
  File "C:\Users\walee\AppData\Local\Programs\Python\Python311\Lib\site-packages\httpx\_transports\default.py", line 233, in handle_request
    resp = self._pool.handle_request(req)
           ^^^^^^^^^^^^^^^^^^^^^^^^^^^^^^
  File "C:\Users\walee\AppData\Local\Programs\Python\Python311\Lib\site-packages\httpcore\_sync\connection_pool.py", line 256, in handle_request
    raise exc from None
  File "C:\Users\walee\AppData\Local\Programs\Python\Python311\Lib\site-packages\httpcore\_sync\connection_pool.py", line 236, in handle_request
    response = connection.handle_request(
               ^^^^^^^^^^^^^^^^^^^^^^^^^^
  File "C:\Users\walee\AppData\Local\Programs\Python\Python311\Lib\site-packages\httpcore\_sync\connection.py", line 103, in handle_request
    return self._connection.handle_request(request)
           ^^^^^^^^^^^^^^^^^^^^^^^^^^^^^^^^^^^^^^^^
  File "C:\Users\walee\AppData\Local\Programs\Python\Python311\Lib\site-packages\httpcore\_sync\http2.py", line 187, in handle_request
    raise exc
  File "C:\Users\walee\AppData\Local\Programs\Python\Python311\Lib\site-packages\httpcore\_sync\http2.py", line 150, in handle_request
    status, headers = self._receive_response(
                      ^^^^^^^^^^^^^^^^^^^^^^^
  File "C:\Users\walee\AppData\Local\Programs\Python\Python311\Lib\site-packages\httpcore\_sync\http2.py", line 294, in _receive_response
    event = self._receive_stream_event(request, stream_id)
            ^^^^^^^^^^^^^^^^^^^^^^^^^^^^^^^^^^^^^^^^^^^^^^
  File "C:\Users\walee\AppData\Local\Programs\Python\Python311\Lib\site-packages\httpcore\_sync\http2.py", line 336, in _receive_stream_event
    self._receive_events(request, stream_id)
  File "C:\Users\walee\AppData\Local\Programs\Python\Python311\Lib\site-packages\httpcore\_sync\http2.py", line 364, in _receive_events
    events = self._read_incoming_data(request)
             ^^^^^^^^^^^^^^^^^^^^^^^^^^^^^^^^^
  File "C:\Users\walee\AppData\Local\Programs\Python\Python311\Lib\site-packages\httpcore\_sync\http2.py", line 438, in _read_incoming_data
    raise self._read_exception  # pragma: nocover
    ^^^^^^^^^^^^^^^^^^^^^^^^^^
  File "C:\Users\walee\AppData\Local\Programs\Python\Python311\Lib\site-packages\httpx\_transports\default.py", line 69, in map_httpcore_exceptions
    yield
  File "C:\Users\walee\AppData\Local\Programs\Python\Python311\Lib\site-packages\httpx\_transports\default.py", line 233, in handle_request
    resp = self._pool.handle_request(req)
           ^^^^^^^^^^^^^^^^^^^^^^^^^^^^^^
  File "C:\Users\walee\AppData\Local\Programs\Python\Python311\Lib\site-packages\httpcore\_sync\connection_pool.py", line 256, in handle_request
    raise exc from None
  File "C:\Users\walee\AppData\Local\Programs\Python\Python311\Lib\site-packages\httpcore\_sync\connection_pool.py", line 236, in handle_request
    response = connection.handle_request(
               ^^^^^^^^^^^^^^^^^^^^^^^^^^
  File "C:\Users\walee\AppData\Local\Programs\Python\Python311\Lib\site-packages\httpcore\_sync\connection.py", line 103, in handle_request
    return self._connection.handle_request(request)
           ^^^^^^^^^^^^^^^^^^^^^^^^^^^^^^^^^^^^^^^^
  File "C:\Users\walee\AppData\Local\Programs\Python\Python311\Lib\site-packages\httpcore\_sync\http2.py", line 187, in handle_request
    raise exc
  File "C:\Users\walee\AppData\Local\Programs\Python\Python311\Lib\site-packages\httpcore\_sync\http2.py", line 150, in handle_request
    status, headers = self._receive_response(
                      ^^^^^^^^^^^^^^^^^^^^^^^
  File "C:\Users\walee\AppData\Local\Programs\Python\Python311\Lib\site-packages\httpcore\_sync\http2.py", line 294, in _receive_response
    event = self._receive_stream_event(request, stream_id)
            ^^^^^^^^^^^^^^^^^^^^^^^^^^^^^^^^^^^^^^^^^^^^^^
  File "C:\Users\walee\AppData\Local\Programs\Python\Python311\Lib\site-packages\httpcore\_sync\http2.py", line 336, in _receive_stream_event
    self._receive_events(request, stream_id)
  File "C:\Users\walee\AppData\Local\Programs\Python\Python311\Lib\site-packages\httpcore\_sync\http2.py", line 364, in _receive_events
    events = self._read_incoming_data(request)
             ^^^^^^^^^^^^^^^^^^^^^^^^^^^^^^^^^
  File "C:\Users\walee\AppData\Local\Programs\Python\Python311\Lib\site-packages\httpcore\_sync\http2.py", line 438, in _read_incoming_data
    raise self._read_exception  # pragma: nocover
    ^^^^^^^^^^^^^^^^^^^^^^^^^^
  File "C:\Users\walee\AppData\Local\Programs\Python\Python311\Lib\site-packages\httpx\_transports\default.py", line 69, in map_httpcore_exceptions
    yield
  File "C:\Users\walee\AppData\Local\Programs\Python\Python311\Lib\site-packages\httpx\_transports\default.py", line 233, in handle_request
    resp = self._pool.handle_request(req)
           ^^^^^^^^^^^^^^^^^^^^^^^^^^^^^^
  File "C:\Users\walee\AppData\Local\Programs\Python\Python311\Lib\site-packages\httpcore\_sync\connection_pool.py", line 256, in handle_request
    raise exc from None
  File "C:\Users\walee\AppData\Local\Programs\Python\Python311\Lib\site-packages\httpcore\_sync\connection_pool.py", line 236, in handle_request
    response = connection.handle_request(
               ^^^^^^^^^^^^^^^^^^^^^^^^^^
  File "C:\Users\walee\AppData\Local\Programs\Python\Python311\Lib\site-packages\httpcore\_sync\connection.py", line 103, in handle_request
    return self._connection.handle_request(request)
           ^^^^^^^^^^^^^^^^^^^^^^^^^^^^^^^^^^^^^^^^
  File "C:\Users\walee\AppData\Local\Programs\Python\Python311\Lib\site-packages\httpcore\_sync\http2.py", line 187, in handle_request
    raise exc
  File "C:\Users\walee\AppData\Local\Programs\Python\Python311\Lib\site-packages\httpcore\_sync\http2.py", line 150, in handle_request
    status, headers = self._receive_response(
                      ^^^^^^^^^^^^^^^^^^^^^^^
  File "C:\Users\walee\AppData\Local\Programs\Python\Python311\Lib\site-packages\httpcore\_sync\http2.py", line 294, in _receive_response
    event = self._receive_stream_event(request, stream_id)
            ^^^^^^^^^^^^^^^^^^^^^^^^^^^^^^^^^^^^^^^^^^^^^^
  File "C:\Users\walee\AppData\Local\Programs\Python\Python311\Lib\site-packages\httpcore\_sync\http2.py", line 336, in _receive_stream_event
    self._receive_events(request, stream_id)
  File "C:\Users\walee\AppData\Local\Programs\Python\Python311\Lib\site-packages\httpcore\_sync\http2.py", line 364, in _receive_events
    events = self._read_incoming_data(request)
             ^^^^^^^^^^^^^^^^^^^^^^^^^^^^^^^^^
  File "C:\Users\walee\AppData\Local\Programs\Python\Python311\Lib\site-packages\httpcore\_sync\http2.py", line 455, in _read_incoming_data
    raise exc
  File "C:\Users\walee\AppData\Local\Programs\Python\Python311\Lib\site-packages\httpcore\_sync\http2.py", line 443, in _read_incoming_data
    raise RemoteProtocolError("Server disconnected")
httpcore.RemoteProtocolError: Server disconnected

The above exception was the direct cause of the following exception:

Traceback (most recent call last):
  File "C:\Users\walee\AppData\Local\Programs\Python\Python311\Lib\site-packages\starlette\middleware\errors.py", line 164, in __call__
    await self.app(scope, receive, _send)
  File "C:\Users\walee\AppData\Local\Programs\Python\Python311\Lib\site-packages\starlette\middleware\cors.py", line 93, in __call__
    await self.simple_response(scope, receive, send, request_headers=headers)
  File "C:\Users\walee\AppData\Local\Programs\Python\Python311\Lib\site-packages\starlette\middleware\cors.py", line 148, in simple_response
    await self.app(scope, receive, send)
  File "C:\Users\walee\AppData\Local\Programs\Python\Python311\Lib\site-packages\starlette\middleware\exceptions.py", line 65, in __call__
    await wrap_app_handling_exceptions(self.app, conn)(scope, receive, send)
  File "C:\Users\walee\AppData\Local\Programs\Python\Python311\Lib\site-packages\starlette\_exception_handler.py", line 64, in wrapped_app
    raise exc
  File "C:\Users\walee\AppData\Local\Programs\Python\Python311\Lib\site-packages\starlette\_exception_handler.py", line 53, in wrapped_app
    await app(scope, receive, sender)
  File "C:\Users\walee\AppData\Local\Programs\Python\Python311\Lib\site-packages\starlette\routing.py", line 756, in __call__
    await self.middleware_stack(scope, receive, send)
  File "C:\Users\walee\AppData\Local\Programs\Python\Python311\Lib\site-packages\starlette\routing.py", line 776, in app
    await route.handle(scope, receive, send)
  File "C:\Users\walee\AppData\Local\Programs\Python\Python311\Lib\site-packages\starlette\routing.py", line 297, in handle
    await self.app(scope, receive, send)
  File "C:\Users\walee\AppData\Local\Programs\Python\Python311\Lib\site-packages\starlette\routing.py", line 77, in app
    await wrap_app_handling_exceptions(app, request)(scope, receive, send)
  File "C:\Users\walee\AppData\Local\Programs\Python\Python311\Lib\site-packages\starlette\_exception_handler.py", line 64, in wrapped_app
    raise exc
  File "C:\Users\walee\AppData\Local\Programs\Python\Python311\Lib\site-packages\starlette\_exception_handler.py", line 53, in wrapped_app
    await app(scope, receive, sender)
  File "C:\Users\walee\AppData\Local\Programs\Python\Python311\Lib\site-packages\starlette\routing.py", line 72, in app
    response = await func(request)
               ^^^^^^^^^^^^^^^^^^^
  File "C:\Users\walee\AppData\Local\Programs\Python\Python311\Lib\site-packages\fastapi\routing.py", line 278, in app
    raw_response = await run_endpoint_function(
                   ^^^^^^^^^^^^^^^^^^^^^^^^^^^^
  File "C:\Users\walee\AppData\Local\Programs\Python\Python311\Lib\site-packages\fastapi\routing.py", line 191, in run_endpoint_function
    return await dependant.call(**values)
           ^^^^^^^^^^^^^^^^^^^^^^^^^^^^^^
  File "C:\Users\walee\AppData\Local\Programs\Python\Python311\Lib\site-packages\slowapi\extension.py", line 734, in async_wrapper
    response = await func(*args, **kwargs)  # type: ignore
               ^^^^^^^^^^^^^^^^^^^^^^^^^^^
  File "C:\Users\walee\Desktop\FYP Portal\backend\app\routes\auth.py", line 82, in login_endpoint
    return await login_with_password(
           ^^^^^^^^^^^^^^^^^^^^^^^^^^
  File "C:\Users\walee\Desktop\FYP Portal\backend\app\services\auth_service.py", line 552, in login_with_password
    user = await find_user_by_role(identifier, role_hint)
           ^^^^^^^^^^^^^^^^^^^^^^^^^^^^^^^^^^^^^^^^^^^^^^
  File "C:\Users\walee\Desktop\FYP Portal\backend\app\services\auth_service.py", line 136, in find_user_by_role
    return await find_user_by_email(normalized)
           ^^^^^^^^^^^^^^^^^^^^^^^^^^^^^^^^^^^^
  File "C:\Users\walee\Desktop\FYP Portal\backend\app\services\auth_service.py", line 109, in find_user_by_email
    admin, supervisor, student = await asyncio.gather(
                                 ^^^^^^^^^^^^^^^^^^^^^
  File "C:\Users\walee\AppData\Local\Programs\Python\Python311\Lib\asyncio\threads.py", line 25, in to_thread
    return await loop.run_in_executor(None, func_call)
           ^^^^^^^^^^^^^^^^^^^^^^^^^^^^^^^^^^^^^^^^^^^
  File "C:\Users\walee\AppData\Local\Programs\Python\Python311\Lib\concurrent\futures\thread.py", line 58, in run
    result = self.fn(*self.args, **self.kwargs)
             ^^^^^^^^^^^^^^^^^^^^^^^^^^^^^^^^^^
  File "C:\Users\walee\Desktop\FYP Portal\backend\app\services\auth_service.py", line 111, in <lambda>
    asyncio.to_thread(lambda: client.table("supervisors").select("id, name, email, profile_photo_url, password_hash, must_change_password").eq("email", email_lower).eq("status", "active").eq("approval_status", "approved").execute()),
                              ^^^^^^^^^^^^^^^^^^^^^^^^^^^^^^^^^^^^^^^^^^^^^^^^^^^^^^^^^^^^^^^^^^^^^^^^^^^^^^^^^^^^^^^^^^^^^^^^^^^^^^^^^^^^^^^^^^^^^^^^^^^^^^^^^^^^^^^^^^^^^^^^^^^^^^^^^^^^^^^^^^^^^^^^^^^^^^^^^^^^^^^^^^^^^^^^^^^^^^^^^
  File "C:\Users\walee\AppData\Local\Programs\Python\Python311\Lib\site-packages\postgrest\_sync\request_builder.py", line 58, in execute
    r = self.session.request(
        ^^^^^^^^^^^^^^^^^^^^^
  File "C:\Users\walee\AppData\Local\Programs\Python\Python311\Lib\site-packages\httpx\_client.py", line 827, in request
    return self.send(request, auth=auth, follow_redirects=follow_redirects)
           ^^^^^^^^^^^^^^^^^^^^^^^^^^^^^^^^^^^^^^^^^^^^^^^^^^^^^^^^^^^^^^^^
  File "C:\Users\walee\AppData\Local\Programs\Python\Python311\Lib\site-packages\httpx\_client.py", line 914, in send
    response = self._send_handling_auth(
               ^^^^^^^^^^^^^^^^^^^^^^^^^
  File "C:\Users\walee\AppData\Local\Programs\Python\Python311\Lib\site-packages\httpx\_client.py", line 942, in _send_handling_auth
    response = self._send_handling_redirects(
               ^^^^^^^^^^^^^^^^^^^^^^^^^^^^^^
  File "C:\Users\walee\AppData\Local\Programs\Python\Python311\Lib\site-packages\httpx\_client.py", line 979, in _send_handling_redirects
    response = self._send_single_request(request)
               ^^^^^^^^^^^^^^^^^^^^^^^^^^^^^^^^^^
  File "C:\Users\walee\AppData\Local\Programs\Python\Python311\Lib\site-packages\httpx\_client.py", line 1015, in _send_single_request
    response = transport.handle_request(request)
               ^^^^^^^^^^^^^^^^^^^^^^^^^^^^^^^^^
  File "C:\Users\walee\AppData\Local\Programs\Python\Python311\Lib\site-packages\httpx\_transports\default.py", line 232, in handle_request
    with map_httpcore_exceptions():
  File "C:\Users\walee\AppData\Local\Programs\Python\Python311\Lib\contextlib.py", line 158, in __exit__
    self.gen.throw(typ, value, traceback)
  File "C:\Users\walee\AppData\Local\Programs\Python\Python311\Lib\site-packages\httpx\_transports\default.py", line 86, in map_httpcore_exceptions
    raise mapped_exc(message) from exc
httpx.RemoteProtocolError: Server disconnected
ERROR:    Exception in ASGI application
Traceback (most recent call last):
  File "C:\Users\walee\AppData\Local\Programs\Python\Python311\Lib\site-packages\httpx\_transports\default.py", line 69, in map_httpcore_exceptions
    yield
  File "C:\Users\walee\AppData\Local\Programs\Python\Python311\Lib\site-packages\httpx\_transports\default.py", line 233, in handle_request
    resp = self._pool.handle_request(req)
           ^^^^^^^^^^^^^^^^^^^^^^^^^^^^^^
  File "C:\Users\walee\AppData\Local\Programs\Python\Python311\Lib\site-packages\httpcore\_sync\connection_pool.py", line 256, in handle_request
    raise exc from None
  File "C:\Users\walee\AppData\Local\Programs\Python\Python311\Lib\site-packages\httpcore\_sync\connection_pool.py", line 236, in handle_request
    response = connection.handle_request(
               ^^^^^^^^^^^^^^^^^^^^^^^^^^
  File "C:\Users\walee\AppData\Local\Programs\Python\Python311\Lib\site-packages\httpcore\_sync\connection.py", line 103, in handle_request
    return self._connection.handle_request(request)
           ^^^^^^^^^^^^^^^^^^^^^^^^^^^^^^^^^^^^^^^^
  File "C:\Users\walee\AppData\Local\Programs\Python\Python311\Lib\site-packages\httpcore\_sync\http2.py", line 187, in handle_request
    raise exc
  File "C:\Users\walee\AppData\Local\Programs\Python\Python311\Lib\site-packages\httpcore\_sync\http2.py", line 150, in handle_request
    status, headers = self._receive_response(
                      ^^^^^^^^^^^^^^^^^^^^^^^
  File "C:\Users\walee\AppData\Local\Programs\Python\Python311\Lib\site-packages\httpcore\_sync\http2.py", line 294, in _receive_response
    event = self._receive_stream_event(request, stream_id)
            ^^^^^^^^^^^^^^^^^^^^^^^^^^^^^^^^^^^^^^^^^^^^^^
  File "C:\Users\walee\AppData\Local\Programs\Python\Python311\Lib\site-packages\httpcore\_sync\http2.py", line 336, in _receive_stream_event
    self._receive_events(request, stream_id)
  File "C:\Users\walee\AppData\Local\Programs\Python\Python311\Lib\site-packages\httpcore\_sync\http2.py", line 364, in _receive_events
    events = self._read_incoming_data(request)
             ^^^^^^^^^^^^^^^^^^^^^^^^^^^^^^^^^
  File "C:\Users\walee\AppData\Local\Programs\Python\Python311\Lib\site-packages\httpcore\_sync\http2.py", line 438, in _read_incoming_data
    raise self._read_exception  # pragma: nocover
    ^^^^^^^^^^^^^^^^^^^^^^^^^^
  File "C:\Users\walee\AppData\Local\Programs\Python\Python311\Lib\site-packages\httpx\_transports\default.py", line 69, in map_httpcore_exceptions
    yield
  File "C:\Users\walee\AppData\Local\Programs\Python\Python311\Lib\site-packages\httpx\_transports\default.py", line 233, in handle_request
    resp = self._pool.handle_request(req)
           ^^^^^^^^^^^^^^^^^^^^^^^^^^^^^^
  File "C:\Users\walee\AppData\Local\Programs\Python\Python311\Lib\site-packages\httpcore\_sync\connection_pool.py", line 256, in handle_request
    raise exc from None
  File "C:\Users\walee\AppData\Local\Programs\Python\Python311\Lib\site-packages\httpcore\_sync\connection_pool.py", line 236, in handle_request
    response = connection.handle_request(
               ^^^^^^^^^^^^^^^^^^^^^^^^^^
  File "C:\Users\walee\AppData\Local\Programs\Python\Python311\Lib\site-packages\httpcore\_sync\connection.py", line 103, in handle_request
    return self._connection.handle_request(request)
           ^^^^^^^^^^^^^^^^^^^^^^^^^^^^^^^^^^^^^^^^
  File "C:\Users\walee\AppData\Local\Programs\Python\Python311\Lib\site-packages\httpcore\_sync\http2.py", line 187, in handle_request
    raise exc
  File "C:\Users\walee\AppData\Local\Programs\Python\Python311\Lib\site-packages\httpcore\_sync\http2.py", line 150, in handle_request
    status, headers = self._receive_response(
                      ^^^^^^^^^^^^^^^^^^^^^^^
  File "C:\Users\walee\AppData\Local\Programs\Python\Python311\Lib\site-packages\httpcore\_sync\http2.py", line 294, in _receive_response
    event = self._receive_stream_event(request, stream_id)
            ^^^^^^^^^^^^^^^^^^^^^^^^^^^^^^^^^^^^^^^^^^^^^^
  File "C:\Users\walee\AppData\Local\Programs\Python\Python311\Lib\site-packages\httpcore\_sync\http2.py", line 336, in _receive_stream_event
    self._receive_events(request, stream_id)
  File "C:\Users\walee\AppData\Local\Programs\Python\Python311\Lib\site-packages\httpcore\_sync\http2.py", line 364, in _receive_events
    events = self._read_incoming_data(request)
             ^^^^^^^^^^^^^^^^^^^^^^^^^^^^^^^^^
  File "C:\Users\walee\AppData\Local\Programs\Python\Python311\Lib\site-packages\httpcore\_sync\http2.py", line 438, in _read_incoming_data
    raise self._read_exception  # pragma: nocover
    ^^^^^^^^^^^^^^^^^^^^^^^^^^
  File "C:\Users\walee\AppData\Local\Programs\Python\Python311\Lib\site-packages\httpx\_transports\default.py", line 69, in map_httpcore_exceptions
    yield
  File "C:\Users\walee\AppData\Local\Programs\Python\Python311\Lib\site-packages\httpx\_transports\default.py", line 233, in handle_request
    resp = self._pool.handle_request(req)
           ^^^^^^^^^^^^^^^^^^^^^^^^^^^^^^
  File "C:\Users\walee\AppData\Local\Programs\Python\Python311\Lib\site-packages\httpcore\_sync\connection_pool.py", line 256, in handle_request
    raise exc from None
  File "C:\Users\walee\AppData\Local\Programs\Python\Python311\Lib\site-packages\httpcore\_sync\connection_pool.py", line 236, in handle_request
    response = connection.handle_request(
               ^^^^^^^^^^^^^^^^^^^^^^^^^^
  File "C:\Users\walee\AppData\Local\Programs\Python\Python311\Lib\site-packages\httpcore\_sync\connection.py", line 103, in handle_request
    return self._connection.handle_request(request)
           ^^^^^^^^^^^^^^^^^^^^^^^^^^^^^^^^^^^^^^^^
  File "C:\Users\walee\AppData\Local\Programs\Python\Python311\Lib\site-packages\httpcore\_sync\http2.py", line 187, in handle_request
    raise exc
  File "C:\Users\walee\AppData\Local\Programs\Python\Python311\Lib\site-packages\httpcore\_sync\http2.py", line 150, in handle_request
    status, headers = self._receive_response(
                      ^^^^^^^^^^^^^^^^^^^^^^^
  File "C:\Users\walee\AppData\Local\Programs\Python\Python311\Lib\site-packages\httpcore\_sync\http2.py", line 294, in _receive_response
    event = self._receive_stream_event(request, stream_id)
            ^^^^^^^^^^^^^^^^^^^^^^^^^^^^^^^^^^^^^^^^^^^^^^
  File "C:\Users\walee\AppData\Local\Programs\Python\Python311\Lib\site-packages\httpcore\_sync\http2.py", line 336, in _receive_stream_event
    self._receive_events(request, stream_id)
  File "C:\Users\walee\AppData\Local\Programs\Python\Python311\Lib\site-packages\httpcore\_sync\http2.py", line 364, in _receive_events
    events = self._read_incoming_data(request)
             ^^^^^^^^^^^^^^^^^^^^^^^^^^^^^^^^^
  File "C:\Users\walee\AppData\Local\Programs\Python\Python311\Lib\site-packages\httpcore\_sync\http2.py", line 455, in _read_incoming_data
    raise exc
  File "C:\Users\walee\AppData\Local\Programs\Python\Python311\Lib\site-packages\httpcore\_sync\http2.py", line 443, in _read_incoming_data
    raise RemoteProtocolError("Server disconnected")
httpcore.RemoteProtocolError: Server disconnected

The above exception was the direct cause of the following exception:

Traceback (most recent call last):
  File "C:\Users\walee\AppData\Local\Programs\Python\Python311\Lib\site-packages\uvicorn\protocols\http\httptools_impl.py", line 411, in run_asgi
    result = await app(  # type: ignore[func-returns-value]
             ^^^^^^^^^^^^^^^^^^^^^^^^^^^^^^^^^^^^^^^^^^^^^^
  File "C:\Users\walee\AppData\Local\Programs\Python\Python311\Lib\site-packages\uvicorn\middleware\proxy_headers.py", line 69, in __call__
    return await self.app(scope, receive, send)
           ^^^^^^^^^^^^^^^^^^^^^^^^^^^^^^^^^^^^
  File "C:\Users\walee\AppData\Local\Programs\Python\Python311\Lib\site-packages\fastapi\applications.py", line 1054, in __call__
    await super().__call__(scope, receive, send)
  File "C:\Users\walee\AppData\Local\Programs\Python\Python311\Lib\site-packages\starlette\applications.py", line 123, in __call__
    await self.middleware_stack(scope, receive, send)
  File "C:\Users\walee\AppData\Local\Programs\Python\Python311\Lib\site-packages\starlette\middleware\errors.py", line 186, in __call__
    raise exc
  File "C:\Users\walee\AppData\Local\Programs\Python\Python311\Lib\site-packages\starlette\middleware\errors.py", line 164, in __call__
    await self.app(scope, receive, _send)
  File "C:\Users\walee\AppData\Local\Programs\Python\Python311\Lib\site-packages\starlette\middleware\cors.py", line 93, in __call__
    await self.simple_response(scope, receive, send, request_headers=headers)
  File "C:\Users\walee\AppData\Local\Programs\Python\Python311\Lib\site-packages\starlette\middleware\cors.py", line 148, in simple_response
    await self.app(scope, receive, send)
  File "C:\Users\walee\AppData\Local\Programs\Python\Python311\Lib\site-packages\starlette\middleware\exceptions.py", line 65, in __call__
    await wrap_app_handling_exceptions(self.app, conn)(scope, receive, send)
  File "C:\Users\walee\AppData\Local\Programs\Python\Python311\Lib\site-packages\starlette\_exception_handler.py", line 64, in wrapped_app
    raise exc
  File "C:\Users\walee\AppData\Local\Programs\Python\Python311\Lib\site-packages\starlette\_exception_handler.py", line 53, in wrapped_app
    await app(scope, receive, sender)
  File "C:\Users\walee\AppData\Local\Programs\Python\Python311\Lib\site-packages\starlette\routing.py", line 756, in __call__
    await self.middleware_stack(scope, receive, send)
  File "C:\Users\walee\AppData\Local\Programs\Python\Python311\Lib\site-packages\starlette\routing.py", line 776, in app
    await route.handle(scope, receive, send)
  File "C:\Users\walee\AppData\Local\Programs\Python\Python311\Lib\site-packages\starlette\routing.py", line 297, in handle
    await self.app(scope, receive, send)
  File "C:\Users\walee\AppData\Local\Programs\Python\Python311\Lib\site-packages\starlette\routing.py", line 77, in app
    await wrap_app_handling_exceptions(app, request)(scope, receive, send)
  File "C:\Users\walee\AppData\Local\Programs\Python\Python311\Lib\site-packages\starlette\_exception_handler.py", line 64, in wrapped_app
    raise exc
  File "C:\Users\walee\AppData\Local\Programs\Python\Python311\Lib\site-packages\starlette\_exception_handler.py", line 53, in wrapped_app
    await app(scope, receive, sender)
  File "C:\Users\walee\AppData\Local\Programs\Python\Python311\Lib\site-packages\starlette\routing.py", line 72, in app
    response = await func(request)
               ^^^^^^^^^^^^^^^^^^^
  File "C:\Users\walee\AppData\Local\Programs\Python\Python311\Lib\site-packages\fastapi\routing.py", line 278, in app
    raw_response = await run_endpoint_function(
                   ^^^^^^^^^^^^^^^^^^^^^^^^^^^^
  File "C:\Users\walee\AppData\Local\Programs\Python\Python311\Lib\site-packages\fastapi\routing.py", line 191, in run_endpoint_function
    return await dependant.call(**values)
           ^^^^^^^^^^^^^^^^^^^^^^^^^^^^^^
  File "C:\Users\walee\AppData\Local\Programs\Python\Python311\Lib\site-packages\slowapi\extension.py", line 734, in async_wrapper
    response = await func(*args, **kwargs)  # type: ignore
               ^^^^^^^^^^^^^^^^^^^^^^^^^^^
  File "C:\Users\walee\Desktop\FYP Portal\backend\app\routes\auth.py", line 82, in login_endpoint
    return await login_with_password(
           ^^^^^^^^^^^^^^^^^^^^^^^^^^
  File "C:\Users\walee\Desktop\FYP Portal\backend\app\services\auth_service.py", line 552, in login_with_password
    user = await find_user_by_role(identifier, role_hint)
           ^^^^^^^^^^^^^^^^^^^^^^^^^^^^^^^^^^^^^^^^^^^^^^
  File "C:\Users\walee\Desktop\FYP Portal\backend\app\services\auth_service.py", line 136, in find_user_by_role
    return await find_user_by_email(normalized)
           ^^^^^^^^^^^^^^^^^^^^^^^^^^^^^^^^^^^^
  File "C:\Users\walee\Desktop\FYP Portal\backend\app\services\auth_service.py", line 109, in find_user_by_email
    admin, supervisor, student = await asyncio.gather(
                                 ^^^^^^^^^^^^^^^^^^^^^
  File "C:\Users\walee\AppData\Local\Programs\Python\Python311\Lib\asyncio\threads.py", line 25, in to_thread
    return await loop.run_in_executor(None, func_call)
           ^^^^^^^^^^^^^^^^^^^^^^^^^^^^^^^^^^^^^^^^^^^
  File "C:\Users\walee\AppData\Local\Programs\Python\Python311\Lib\concurrent\futures\thread.py", line 58, in run
    result = self.fn(*self.args, **self.kwargs)
             ^^^^^^^^^^^^^^^^^^^^^^^^^^^^^^^^^^
  File "C:\Users\walee\Desktop\FYP Portal\backend\app\services\auth_service.py", line 111, in <lambda>
    asyncio.to_thread(lambda: client.table("supervisors").select("id, name, email, profile_photo_url, password_hash, must_change_password").eq("email", email_lower).eq("status", "active").eq("approval_status", "approved").execute()),
                              ^^^^^^^^^^^^^^^^^^^^^^^^^^^^^^^^^^^^^^^^^^^^^^^^^^^^^^^^^^^^^^^^^^^^^^^^^^^^^^^^^^^^^^^^^^^^^^^^^^^^^^^^^^^^^^^^^^^^^^^^^^^^^^^^^^^^^^^^^^^^^^^^^^^^^^^^^^^^^^^^^^^^^^^^^^^^^^^^^^^^^^^^^^^^^^^^^^^^^^^^^
  File "C:\Users\walee\AppData\Local\Programs\Python\Python311\Lib\site-packages\postgrest\_sync\request_builder.py", line 58, in execute
    r = self.session.request(
        ^^^^^^^^^^^^^^^^^^^^^
  File "C:\Users\walee\AppData\Local\Programs\Python\Python311\Lib\site-packages\httpx\_client.py", line 827, in request
    return self.send(request, auth=auth, follow_redirects=follow_redirects)
           ^^^^^^^^^^^^^^^^^^^^^^^^^^^^^^^^^^^^^^^^^^^^^^^^^^^^^^^^^^^^^^^^
  File "C:\Users\walee\AppData\Local\Programs\Python\Python311\Lib\site-packages\httpx\_client.py", line 914, in send
    response = self._send_handling_auth(
               ^^^^^^^^^^^^^^^^^^^^^^^^^
  File "C:\Users\walee\AppData\Local\Programs\Python\Python311\Lib\site-packages\httpx\_client.py", line 942, in _send_handling_auth
    response = self._send_handling_redirects(
               ^^^^^^^^^^^^^^^^^^^^^^^^^^^^^^
  File "C:\Users\walee\AppData\Local\Programs\Python\Python311\Lib\site-packages\httpx\_client.py", line 979, in _send_handling_redirects
    response = self._send_single_request(request)
               ^^^^^^^^^^^^^^^^^^^^^^^^^^^^^^^^^^
  File "C:\Users\walee\AppData\Local\Programs\Python\Python311\Lib\site-packages\httpx\_client.py", line 1015, in _send_single_request
    response = transport.handle_request(request)
               ^^^^^^^^^^^^^^^^^^^^^^^^^^^^^^^^^
  File "C:\Users\walee\AppData\Local\Programs\Python\Python311\Lib\site-packages\httpx\_transports\default.py", line 232, in handle_request
    with map_httpcore_exceptions():
  File "C:\Users\walee\AppData\Local\Programs\Python\Python311\Lib\contextlib.py", line 158, in __exit__
    self.gen.throw(typ, value, traceback)
  File "C:\Users\walee\AppData\Local\Programs\Python\Python311\Lib\site-packages\httpx\_transports\default.py", line 86, in map_httpcore_exceptions
    raise mapped_exc(message) from exc
httpx.RemoteProtocolError: Server disconnected
2026-07-12T17:04:42.948937Z [info     ] audit_log_written              [app.utils.audit] action_type=login_succeeded actor_id=9a67ef1c-dd6f-5f02-8132-dd65a2c8de73 resource_type=session
2026-07-12T17:05:36.166160Z [info     ] lifecycle_updated              [app.services.project_service] from_stage=awaiting_review project_id=1a628c67-c2a8-4f07-99de-fbda8eb5125d to_stage=approved
2026-07-12T17:05:36.693498Z [info     ] audit_log_written              [app.utils.audit] action_type=review_recorded actor_id=9a67ef1c-dd6f-5f02-8132-dd65a2c8de73 resource_type=approval
2026-07-12T17:05:56.534106Z [info     ] audit_log_written              [app.utils.audit] action_type=comment_posted actor_id=9a67ef1c-dd6f-5f02-8132-dd65a2c8de73 resource_type=comment
2026-07-12T17:06:17.361268Z [info     ] audit_log_written              [app.utils.audit] action_type=review_recorded actor_id=9a67ef1c-dd6f-5f02-8132-dd65a2c8de73 resource_type=approval
2026-07-12T17:06:51.584429Z [info     ] audit_log_written              [app.utils.audit] action_type=logout actor_id=9a67ef1c-dd6f-5f02-8132-dd65a2c8de73 resource_type=session
2026-07-12T17:07:29.564675Z [info     ] audit_log_written              [app.utils.audit] action_type=login_failed actor_id=None resource_type=session
2026-07-12T17:08:10.400510Z [info     ] audit_log_written              [app.utils.audit] action_type=login_succeeded actor_id=db4fd228-98a9-45a5-af0a-3cde8a293251 resource_type=session
2026-07-12T17:08:42.642078Z [info     ] audit_log_written              [app.utils.audit] action_type=comment_posted actor_id=db4fd228-98a9-45a5-af0a-3cde8a293251 resource_type=comment
2026-07-12T17:08:55.224244Z [info     ] audit_log_written              [app.utils.audit] action_type=logout actor_id=db4fd228-98a9-45a5-af0a-3cde8a293251 resource_type=session
2026-07-12T17:09:28.137311Z [info     ] audit_log_written              [app.utils.audit] action_type=login_succeeded actor_id=9a67ef1c-dd6f-5f02-8132-dd65a2c8de73 resource_type=session
2026-07-12T17:11:27.383061Z [info     ] audit_log_written              [app.utils.audit] action_type=account_updated actor_id=9a67ef1c-dd6f-5f02-8132-dd65a2c8de73 resource_type=supervisor
2026-07-12T17:11:46.833366Z [info     ] audit_log_written              [app.utils.audit] action_type=logout actor_id=9a67ef1c-dd6f-5f02-8132-dd65a2c8de73 resource_type=session
2026-07-12T17:12:54.049591Z [info     ] audit_log_written              [app.utils.audit] action_type=login_succeeded actor_id=db4fd228-98a9-45a5-af0a-3cde8a293251 resource_type=session
2026-07-12T17:20:35.422595Z [error    ] unhandled_exception            [main] correlation_id=4e70a499-c538-4f82-8bb7-00b456cbb2fb error_type=RemoteProtocolError method=POST path=/api/auth/login
Traceback (most recent call last):
  File "C:\Users\walee\AppData\Local\Programs\Python\Python311\Lib\site-packages\httpx\_transports\default.py", line 69, in map_httpcore_exceptions
    yield
  File "C:\Users\walee\AppData\Local\Programs\Python\Python311\Lib\site-packages\httpx\_transports\default.py", line 233, in handle_request
    resp = self._pool.handle_request(req)
           ^^^^^^^^^^^^^^^^^^^^^^^^^^^^^^
  File "C:\Users\walee\AppData\Local\Programs\Python\Python311\Lib\site-packages\httpcore\_sync\connection_pool.py", line 256, in handle_request
    raise exc from None
  File "C:\Users\walee\AppData\Local\Programs\Python\Python311\Lib\site-packages\httpcore\_sync\connection_pool.py", line 236, in handle_request
    response = connection.handle_request(
               ^^^^^^^^^^^^^^^^^^^^^^^^^^
  File "C:\Users\walee\AppData\Local\Programs\Python\Python311\Lib\site-packages\httpcore\_sync\connection.py", line 103, in handle_request
    return self._connection.handle_request(request)
           ^^^^^^^^^^^^^^^^^^^^^^^^^^^^^^^^^^^^^^^^
  File "C:\Users\walee\AppData\Local\Programs\Python\Python311\Lib\site-packages\httpcore\_sync\http2.py", line 187, in handle_request
    raise exc
  File "C:\Users\walee\AppData\Local\Programs\Python\Python311\Lib\site-packages\httpcore\_sync\http2.py", line 150, in handle_request
    status, headers = self._receive_response(
                      ^^^^^^^^^^^^^^^^^^^^^^^
  File "C:\Users\walee\AppData\Local\Programs\Python\Python311\Lib\site-packages\httpcore\_sync\http2.py", line 294, in _receive_response
    event = self._receive_stream_event(request, stream_id)
            ^^^^^^^^^^^^^^^^^^^^^^^^^^^^^^^^^^^^^^^^^^^^^^
  File "C:\Users\walee\AppData\Local\Programs\Python\Python311\Lib\site-packages\httpcore\_sync\http2.py", line 336, in _receive_stream_event
    self._receive_events(request, stream_id)
  File "C:\Users\walee\AppData\Local\Programs\Python\Python311\Lib\site-packages\httpcore\_sync\http2.py", line 364, in _receive_events
    events = self._read_incoming_data(request)
             ^^^^^^^^^^^^^^^^^^^^^^^^^^^^^^^^^
  File "C:\Users\walee\AppData\Local\Programs\Python\Python311\Lib\site-packages\httpcore\_sync\http2.py", line 438, in _read_incoming_data
    raise self._read_exception  # pragma: nocover
    ^^^^^^^^^^^^^^^^^^^^^^^^^^
  File "C:\Users\walee\AppData\Local\Programs\Python\Python311\Lib\site-packages\httpx\_transports\default.py", line 69, in map_httpcore_exceptions
    yield
  File "C:\Users\walee\AppData\Local\Programs\Python\Python311\Lib\site-packages\httpx\_transports\default.py", line 233, in handle_request
    resp = self._pool.handle_request(req)
           ^^^^^^^^^^^^^^^^^^^^^^^^^^^^^^
  File "C:\Users\walee\AppData\Local\Programs\Python\Python311\Lib\site-packages\httpcore\_sync\connection_pool.py", line 256, in handle_request
    raise exc from None
  File "C:\Users\walee\AppData\Local\Programs\Python\Python311\Lib\site-packages\httpcore\_sync\connection_pool.py", line 236, in handle_request
    response = connection.handle_request(
               ^^^^^^^^^^^^^^^^^^^^^^^^^^
  File "C:\Users\walee\AppData\Local\Programs\Python\Python311\Lib\site-packages\httpcore\_sync\connection.py", line 103, in handle_request
    return self._connection.handle_request(request)
           ^^^^^^^^^^^^^^^^^^^^^^^^^^^^^^^^^^^^^^^^
  File "C:\Users\walee\AppData\Local\Programs\Python\Python311\Lib\site-packages\httpcore\_sync\http2.py", line 187, in handle_request
    raise exc
  File "C:\Users\walee\AppData\Local\Programs\Python\Python311\Lib\site-packages\httpcore\_sync\http2.py", line 150, in handle_request
    status, headers = self._receive_response(
                      ^^^^^^^^^^^^^^^^^^^^^^^
  File "C:\Users\walee\AppData\Local\Programs\Python\Python311\Lib\site-packages\httpcore\_sync\http2.py", line 294, in _receive_response
    event = self._receive_stream_event(request, stream_id)
            ^^^^^^^^^^^^^^^^^^^^^^^^^^^^^^^^^^^^^^^^^^^^^^
  File "C:\Users\walee\AppData\Local\Programs\Python\Python311\Lib\site-packages\httpcore\_sync\http2.py", line 336, in _receive_stream_event
    self._receive_events(request, stream_id)
  File "C:\Users\walee\AppData\Local\Programs\Python\Python311\Lib\site-packages\httpcore\_sync\http2.py", line 364, in _receive_events
    events = self._read_incoming_data(request)
             ^^^^^^^^^^^^^^^^^^^^^^^^^^^^^^^^^
  File "C:\Users\walee\AppData\Local\Programs\Python\Python311\Lib\site-packages\httpcore\_sync\http2.py", line 438, in _read_incoming_data
    raise self._read_exception  # pragma: nocover
    ^^^^^^^^^^^^^^^^^^^^^^^^^^
  File "C:\Users\walee\AppData\Local\Programs\Python\Python311\Lib\site-packages\httpx\_transports\default.py", line 69, in map_httpcore_exceptions
    yield
  File "C:\Users\walee\AppData\Local\Programs\Python\Python311\Lib\site-packages\httpx\_transports\default.py", line 233, in handle_request
    resp = self._pool.handle_request(req)
           ^^^^^^^^^^^^^^^^^^^^^^^^^^^^^^
  File "C:\Users\walee\AppData\Local\Programs\Python\Python311\Lib\site-packages\httpcore\_sync\connection_pool.py", line 256, in handle_request
    raise exc from None
  File "C:\Users\walee\AppData\Local\Programs\Python\Python311\Lib\site-packages\httpcore\_sync\connection_pool.py", line 236, in handle_request
    response = connection.handle_request(
               ^^^^^^^^^^^^^^^^^^^^^^^^^^
  File "C:\Users\walee\AppData\Local\Programs\Python\Python311\Lib\site-packages\httpcore\_sync\connection.py", line 103, in handle_request
    return self._connection.handle_request(request)
           ^^^^^^^^^^^^^^^^^^^^^^^^^^^^^^^^^^^^^^^^
  File "C:\Users\walee\AppData\Local\Programs\Python\Python311\Lib\site-packages\httpcore\_sync\http2.py", line 187, in handle_request
    raise exc
  File "C:\Users\walee\AppData\Local\Programs\Python\Python311\Lib\site-packages\httpcore\_sync\http2.py", line 150, in handle_request
    status, headers = self._receive_response(
                      ^^^^^^^^^^^^^^^^^^^^^^^
  File "C:\Users\walee\AppData\Local\Programs\Python\Python311\Lib\site-packages\httpcore\_sync\http2.py", line 294, in _receive_response
    event = self._receive_stream_event(request, stream_id)
            ^^^^^^^^^^^^^^^^^^^^^^^^^^^^^^^^^^^^^^^^^^^^^^
  File "C:\Users\walee\AppData\Local\Programs\Python\Python311\Lib\site-packages\httpcore\_sync\http2.py", line 336, in _receive_stream_event
    self._receive_events(request, stream_id)
  File "C:\Users\walee\AppData\Local\Programs\Python\Python311\Lib\site-packages\httpcore\_sync\http2.py", line 364, in _receive_events
    events = self._read_incoming_data(request)
             ^^^^^^^^^^^^^^^^^^^^^^^^^^^^^^^^^
  File "C:\Users\walee\AppData\Local\Programs\Python\Python311\Lib\site-packages\httpcore\_sync\http2.py", line 455, in _read_incoming_data
    raise exc
  File "C:\Users\walee\AppData\Local\Programs\Python\Python311\Lib\site-packages\httpcore\_sync\http2.py", line 443, in _read_incoming_data
    raise RemoteProtocolError("Server disconnected")
httpcore.RemoteProtocolError: Server disconnected

The above exception was the direct cause of the following exception:

Traceback (most recent call last):
  File "C:\Users\walee\AppData\Local\Programs\Python\Python311\Lib\site-packages\starlette\middleware\errors.py", line 164, in __call__
    await self.app(scope, receive, _send)
  File "C:\Users\walee\AppData\Local\Programs\Python\Python311\Lib\site-packages\starlette\middleware\cors.py", line 93, in __call__
    await self.simple_response(scope, receive, send, request_headers=headers)
  File "C:\Users\walee\AppData\Local\Programs\Python\Python311\Lib\site-packages\starlette\middleware\cors.py", line 148, in simple_response
    await self.app(scope, receive, send)
  File "C:\Users\walee\AppData\Local\Programs\Python\Python311\Lib\site-packages\starlette\middleware\exceptions.py", line 65, in __call__
    await wrap_app_handling_exceptions(self.app, conn)(scope, receive, send)
  File "C:\Users\walee\AppData\Local\Programs\Python\Python311\Lib\site-packages\starlette\_exception_handler.py", line 64, in wrapped_app
    raise exc
  File "C:\Users\walee\AppData\Local\Programs\Python\Python311\Lib\site-packages\starlette\_exception_handler.py", line 53, in wrapped_app
    await app(scope, receive, sender)
  File "C:\Users\walee\AppData\Local\Programs\Python\Python311\Lib\site-packages\starlette\routing.py", line 756, in __call__
    await self.middleware_stack(scope, receive, send)
  File "C:\Users\walee\AppData\Local\Programs\Python\Python311\Lib\site-packages\starlette\routing.py", line 776, in app
    await route.handle(scope, receive, send)
  File "C:\Users\walee\AppData\Local\Programs\Python\Python311\Lib\site-packages\starlette\routing.py", line 297, in handle
    await self.app(scope, receive, send)
  File "C:\Users\walee\AppData\Local\Programs\Python\Python311\Lib\site-packages\starlette\routing.py", line 77, in app
    await wrap_app_handling_exceptions(app, request)(scope, receive, send)
  File "C:\Users\walee\AppData\Local\Programs\Python\Python311\Lib\site-packages\starlette\_exception_handler.py", line 64, in wrapped_app
    raise exc
  File "C:\Users\walee\AppData\Local\Programs\Python\Python311\Lib\site-packages\starlette\_exception_handler.py", line 53, in wrapped_app
    await app(scope, receive, sender)
  File "C:\Users\walee\AppData\Local\Programs\Python\Python311\Lib\site-packages\starlette\routing.py", line 72, in app
    response = await func(request)
               ^^^^^^^^^^^^^^^^^^^
  File "C:\Users\walee\AppData\Local\Programs\Python\Python311\Lib\site-packages\fastapi\routing.py", line 278, in app
    raw_response = await run_endpoint_function(
                   ^^^^^^^^^^^^^^^^^^^^^^^^^^^^
  File "C:\Users\walee\AppData\Local\Programs\Python\Python311\Lib\site-packages\fastapi\routing.py", line 191, in run_endpoint_function
    return await dependant.call(**values)
           ^^^^^^^^^^^^^^^^^^^^^^^^^^^^^^
  File "C:\Users\walee\AppData\Local\Programs\Python\Python311\Lib\site-packages\slowapi\extension.py", line 734, in async_wrapper
    response = await func(*args, **kwargs)  # type: ignore
               ^^^^^^^^^^^^^^^^^^^^^^^^^^^
  File "C:\Users\walee\Desktop\FYP Portal\backend\app\routes\auth.py", line 82, in login_endpoint
    return await login_with_password(
           ^^^^^^^^^^^^^^^^^^^^^^^^^^
  File "C:\Users\walee\Desktop\FYP Portal\backend\app\services\auth_service.py", line 552, in login_with_password
    user = await find_user_by_role(identifier, role_hint)
           ^^^^^^^^^^^^^^^^^^^^^^^^^^^^^^^^^^^^^^^^^^^^^^
  File "C:\Users\walee\Desktop\FYP Portal\backend\app\services\auth_service.py", line 136, in find_user_by_role
    return await find_user_by_email(normalized)
           ^^^^^^^^^^^^^^^^^^^^^^^^^^^^^^^^^^^^
  File "C:\Users\walee\Desktop\FYP Portal\backend\app\services\auth_service.py", line 109, in find_user_by_email
    admin, supervisor, student = await asyncio.gather(
                                 ^^^^^^^^^^^^^^^^^^^^^
  File "C:\Users\walee\AppData\Local\Programs\Python\Python311\Lib\asyncio\threads.py", line 25, in to_thread
    return await loop.run_in_executor(None, func_call)
           ^^^^^^^^^^^^^^^^^^^^^^^^^^^^^^^^^^^^^^^^^^^
  File "C:\Users\walee\AppData\Local\Programs\Python\Python311\Lib\concurrent\futures\thread.py", line 58, in run
    result = self.fn(*self.args, **self.kwargs)
             ^^^^^^^^^^^^^^^^^^^^^^^^^^^^^^^^^^
  File "C:\Users\walee\Desktop\FYP Portal\backend\app\services\auth_service.py", line 110, in <lambda>
    asyncio.to_thread(lambda: client.table("admins").select("id, name, email, password_hash, must_change_password").eq("email", email_lower).eq("status", "active").execute()),
                              ^^^^^^^^^^^^^^^^^^^^^^^^^^^^^^^^^^^^^^^^^^^^^^^^^^^^^^^^^^^^^^^^^^^^^^^^^^^^^^^^^^^^^^^^^^^^^^^^^^^^^^^^^^^^^^^^^^^^^^^^^^^^^^^^^^^^^^^^^^^^^^^
  File "C:\Users\walee\AppData\Local\Programs\Python\Python311\Lib\site-packages\postgrest\_sync\request_builder.py", line 58, in execute
    r = self.session.request(
        ^^^^^^^^^^^^^^^^^^^^^
  File "C:\Users\walee\AppData\Local\Programs\Python\Python311\Lib\site-packages\httpx\_client.py", line 827, in request
    return self.send(request, auth=auth, follow_redirects=follow_redirects)
           ^^^^^^^^^^^^^^^^^^^^^^^^^^^^^^^^^^^^^^^^^^^^^^^^^^^^^^^^^^^^^^^^
  File "C:\Users\walee\AppData\Local\Programs\Python\Python311\Lib\site-packages\httpx\_client.py", line 914, in send
    response = self._send_handling_auth(
               ^^^^^^^^^^^^^^^^^^^^^^^^^
  File "C:\Users\walee\AppData\Local\Programs\Python\Python311\Lib\site-packages\httpx\_client.py", line 942, in _send_handling_auth
    response = self._send_handling_redirects(
               ^^^^^^^^^^^^^^^^^^^^^^^^^^^^^^
  File "C:\Users\walee\AppData\Local\Programs\Python\Python311\Lib\site-packages\httpx\_client.py", line 979, in _send_handling_redirects
    response = self._send_single_request(request)
               ^^^^^^^^^^^^^^^^^^^^^^^^^^^^^^^^^^
  File "C:\Users\walee\AppData\Local\Programs\Python\Python311\Lib\site-packages\httpx\_client.py", line 1015, in _send_single_request
    response = transport.handle_request(request)
               ^^^^^^^^^^^^^^^^^^^^^^^^^^^^^^^^^
  File "C:\Users\walee\AppData\Local\Programs\Python\Python311\Lib\site-packages\httpx\_transports\default.py", line 232, in handle_request
    with map_httpcore_exceptions():
  File "C:\Users\walee\AppData\Local\Programs\Python\Python311\Lib\contextlib.py", line 158, in __exit__
    self.gen.throw(typ, value, traceback)
  File "C:\Users\walee\AppData\Local\Programs\Python\Python311\Lib\site-packages\httpx\_transports\default.py", line 86, in map_httpcore_exceptions
    raise mapped_exc(message) from exc
httpx.RemoteProtocolError: Server disconnected
ERROR:    Exception in ASGI application
Traceback (most recent call last):
  File "C:\Users\walee\AppData\Local\Programs\Python\Python311\Lib\site-packages\httpx\_transports\default.py", line 69, in map_httpcore_exceptions
    yield
  File "C:\Users\walee\AppData\Local\Programs\Python\Python311\Lib\site-packages\httpx\_transports\default.py", line 233, in handle_request
    resp = self._pool.handle_request(req)
           ^^^^^^^^^^^^^^^^^^^^^^^^^^^^^^
  File "C:\Users\walee\AppData\Local\Programs\Python\Python311\Lib\site-packages\httpcore\_sync\connection_pool.py", line 256, in handle_request
    raise exc from None
  File "C:\Users\walee\AppData\Local\Programs\Python\Python311\Lib\site-packages\httpcore\_sync\connection_pool.py", line 236, in handle_request
    response = connection.handle_request(
               ^^^^^^^^^^^^^^^^^^^^^^^^^^
  File "C:\Users\walee\AppData\Local\Programs\Python\Python311\Lib\site-packages\httpcore\_sync\connection.py", line 103, in handle_request
    return self._connection.handle_request(request)
           ^^^^^^^^^^^^^^^^^^^^^^^^^^^^^^^^^^^^^^^^
  File "C:\Users\walee\AppData\Local\Programs\Python\Python311\Lib\site-packages\httpcore\_sync\http2.py", line 187, in handle_request
    raise exc
  File "C:\Users\walee\AppData\Local\Programs\Python\Python311\Lib\site-packages\httpcore\_sync\http2.py", line 150, in handle_request
    status, headers = self._receive_response(
                      ^^^^^^^^^^^^^^^^^^^^^^^
  File "C:\Users\walee\AppData\Local\Programs\Python\Python311\Lib\site-packages\httpcore\_sync\http2.py", line 294, in _receive_response
    event = self._receive_stream_event(request, stream_id)
            ^^^^^^^^^^^^^^^^^^^^^^^^^^^^^^^^^^^^^^^^^^^^^^
  File "C:\Users\walee\AppData\Local\Programs\Python\Python311\Lib\site-packages\httpcore\_sync\http2.py", line 336, in _receive_stream_event
    self._receive_events(request, stream_id)
  File "C:\Users\walee\AppData\Local\Programs\Python\Python311\Lib\site-packages\httpcore\_sync\http2.py", line 364, in _receive_events
    events = self._read_incoming_data(request)
             ^^^^^^^^^^^^^^^^^^^^^^^^^^^^^^^^^
  File "C:\Users\walee\AppData\Local\Programs\Python\Python311\Lib\site-packages\httpcore\_sync\http2.py", line 438, in _read_incoming_data
    raise self._read_exception  # pragma: nocover
    ^^^^^^^^^^^^^^^^^^^^^^^^^^
  File "C:\Users\walee\AppData\Local\Programs\Python\Python311\Lib\site-packages\httpx\_transports\default.py", line 69, in map_httpcore_exceptions
    yield
  File "C:\Users\walee\AppData\Local\Programs\Python\Python311\Lib\site-packages\httpx\_transports\default.py", line 233, in handle_request
    resp = self._pool.handle_request(req)
           ^^^^^^^^^^^^^^^^^^^^^^^^^^^^^^
  File "C:\Users\walee\AppData\Local\Programs\Python\Python311\Lib\site-packages\httpcore\_sync\connection_pool.py", line 256, in handle_request
    raise exc from None
  File "C:\Users\walee\AppData\Local\Programs\Python\Python311\Lib\site-packages\httpcore\_sync\connection_pool.py", line 236, in handle_request
    response = connection.handle_request(
               ^^^^^^^^^^^^^^^^^^^^^^^^^^
  File "C:\Users\walee\AppData\Local\Programs\Python\Python311\Lib\site-packages\httpcore\_sync\connection.py", line 103, in handle_request
    return self._connection.handle_request(request)
           ^^^^^^^^^^^^^^^^^^^^^^^^^^^^^^^^^^^^^^^^
  File "C:\Users\walee\AppData\Local\Programs\Python\Python311\Lib\site-packages\httpcore\_sync\http2.py", line 187, in handle_request
    raise exc
  File "C:\Users\walee\AppData\Local\Programs\Python\Python311\Lib\site-packages\httpcore\_sync\http2.py", line 150, in handle_request
    status, headers = self._receive_response(
                      ^^^^^^^^^^^^^^^^^^^^^^^
  File "C:\Users\walee\AppData\Local\Programs\Python\Python311\Lib\site-packages\httpcore\_sync\http2.py", line 294, in _receive_response
    event = self._receive_stream_event(request, stream_id)
            ^^^^^^^^^^^^^^^^^^^^^^^^^^^^^^^^^^^^^^^^^^^^^^
  File "C:\Users\walee\AppData\Local\Programs\Python\Python311\Lib\site-packages\httpcore\_sync\http2.py", line 336, in _receive_stream_event
    self._receive_events(request, stream_id)
  File "C:\Users\walee\AppData\Local\Programs\Python\Python311\Lib\site-packages\httpcore\_sync\http2.py", line 364, in _receive_events
    events = self._read_incoming_data(request)
             ^^^^^^^^^^^^^^^^^^^^^^^^^^^^^^^^^
  File "C:\Users\walee\AppData\Local\Programs\Python\Python311\Lib\site-packages\httpcore\_sync\http2.py", line 438, in _read_incoming_data
    raise self._read_exception  # pragma: nocover
    ^^^^^^^^^^^^^^^^^^^^^^^^^^
  File "C:\Users\walee\AppData\Local\Programs\Python\Python311\Lib\site-packages\httpx\_transports\default.py", line 69, in map_httpcore_exceptions
    yield
  File "C:\Users\walee\AppData\Local\Programs\Python\Python311\Lib\site-packages\httpx\_transports\default.py", line 233, in handle_request
    resp = self._pool.handle_request(req)
           ^^^^^^^^^^^^^^^^^^^^^^^^^^^^^^
  File "C:\Users\walee\AppData\Local\Programs\Python\Python311\Lib\site-packages\httpcore\_sync\connection_pool.py", line 256, in handle_request
    raise exc from None
  File "C:\Users\walee\AppData\Local\Programs\Python\Python311\Lib\site-packages\httpcore\_sync\connection_pool.py", line 236, in handle_request
    response = connection.handle_request(
               ^^^^^^^^^^^^^^^^^^^^^^^^^^
  File "C:\Users\walee\AppData\Local\Programs\Python\Python311\Lib\site-packages\httpcore\_sync\connection.py", line 103, in handle_request
    return self._connection.handle_request(request)
           ^^^^^^^^^^^^^^^^^^^^^^^^^^^^^^^^^^^^^^^^
  File "C:\Users\walee\AppData\Local\Programs\Python\Python311\Lib\site-packages\httpcore\_sync\http2.py", line 187, in handle_request
    raise exc
  File "C:\Users\walee\AppData\Local\Programs\Python\Python311\Lib\site-packages\httpcore\_sync\http2.py", line 150, in handle_request
    status, headers = self._receive_response(
                      ^^^^^^^^^^^^^^^^^^^^^^^
  File "C:\Users\walee\AppData\Local\Programs\Python\Python311\Lib\site-packages\httpcore\_sync\http2.py", line 294, in _receive_response
    event = self._receive_stream_event(request, stream_id)
            ^^^^^^^^^^^^^^^^^^^^^^^^^^^^^^^^^^^^^^^^^^^^^^
  File "C:\Users\walee\AppData\Local\Programs\Python\Python311\Lib\site-packages\httpcore\_sync\http2.py", line 336, in _receive_stream_event
    self._receive_events(request, stream_id)
  File "C:\Users\walee\AppData\Local\Programs\Python\Python311\Lib\site-packages\httpcore\_sync\http2.py", line 364, in _receive_events
    events = self._read_incoming_data(request)
             ^^^^^^^^^^^^^^^^^^^^^^^^^^^^^^^^^
  File "C:\Users\walee\AppData\Local\Programs\Python\Python311\Lib\site-packages\httpcore\_sync\http2.py", line 455, in _read_incoming_data
    raise exc
  File "C:\Users\walee\AppData\Local\Programs\Python\Python311\Lib\site-packages\httpcore\_sync\http2.py", line 443, in _read_incoming_data
    raise RemoteProtocolError("Server disconnected")
httpcore.RemoteProtocolError: Server disconnected

The above exception was the direct cause of the following exception:

Traceback (most recent call last):
  File "C:\Users\walee\AppData\Local\Programs\Python\Python311\Lib\site-packages\uvicorn\protocols\http\httptools_impl.py", line 411, in run_asgi
    result = await app(  # type: ignore[func-returns-value]
             ^^^^^^^^^^^^^^^^^^^^^^^^^^^^^^^^^^^^^^^^^^^^^^
  File "C:\Users\walee\AppData\Local\Programs\Python\Python311\Lib\site-packages\uvicorn\middleware\proxy_headers.py", line 69, in __call__
    return await self.app(scope, receive, send)
           ^^^^^^^^^^^^^^^^^^^^^^^^^^^^^^^^^^^^
  File "C:\Users\walee\AppData\Local\Programs\Python\Python311\Lib\site-packages\fastapi\applications.py", line 1054, in __call__
    await super().__call__(scope, receive, send)
  File "C:\Users\walee\AppData\Local\Programs\Python\Python311\Lib\site-packages\starlette\applications.py", line 123, in __call__
    await self.middleware_stack(scope, receive, send)
  File "C:\Users\walee\AppData\Local\Programs\Python\Python311\Lib\site-packages\starlette\middleware\errors.py", line 186, in __call__
    raise exc
  File "C:\Users\walee\AppData\Local\Programs\Python\Python311\Lib\site-packages\starlette\middleware\errors.py", line 164, in __call__
    await self.app(scope, receive, _send)
  File "C:\Users\walee\AppData\Local\Programs\Python\Python311\Lib\site-packages\starlette\middleware\cors.py", line 93, in __call__
    await self.simple_response(scope, receive, send, request_headers=headers)
  File "C:\Users\walee\AppData\Local\Programs\Python\Python311\Lib\site-packages\starlette\middleware\cors.py", line 148, in simple_response
    await self.app(scope, receive, send)
  File "C:\Users\walee\AppData\Local\Programs\Python\Python311\Lib\site-packages\starlette\middleware\exceptions.py", line 65, in __call__
    await wrap_app_handling_exceptions(self.app, conn)(scope, receive, send)
  File "C:\Users\walee\AppData\Local\Programs\Python\Python311\Lib\site-packages\starlette\_exception_handler.py", line 64, in wrapped_app
    raise exc
  File "C:\Users\walee\AppData\Local\Programs\Python\Python311\Lib\site-packages\starlette\_exception_handler.py", line 53, in wrapped_app
    await app(scope, receive, sender)
  File "C:\Users\walee\AppData\Local\Programs\Python\Python311\Lib\site-packages\starlette\routing.py", line 756, in __call__
    await self.middleware_stack(scope, receive, send)
  File "C:\Users\walee\AppData\Local\Programs\Python\Python311\Lib\site-packages\starlette\routing.py", line 776, in app
    await route.handle(scope, receive, send)
  File "C:\Users\walee\AppData\Local\Programs\Python\Python311\Lib\site-packages\starlette\routing.py", line 297, in handle
    await self.app(scope, receive, send)
  File "C:\Users\walee\AppData\Local\Programs\Python\Python311\Lib\site-packages\starlette\routing.py", line 77, in app
    await wrap_app_handling_exceptions(app, request)(scope, receive, send)
  File "C:\Users\walee\AppData\Local\Programs\Python\Python311\Lib\site-packages\starlette\_exception_handler.py", line 64, in wrapped_app
    raise exc
  File "C:\Users\walee\AppData\Local\Programs\Python\Python311\Lib\site-packages\starlette\_exception_handler.py", line 53, in wrapped_app
    await app(scope, receive, sender)
  File "C:\Users\walee\AppData\Local\Programs\Python\Python311\Lib\site-packages\starlette\routing.py", line 72, in app
    response = await func(request)
               ^^^^^^^^^^^^^^^^^^^
  File "C:\Users\walee\AppData\Local\Programs\Python\Python311\Lib\site-packages\fastapi\routing.py", line 278, in app
    raw_response = await run_endpoint_function(
                   ^^^^^^^^^^^^^^^^^^^^^^^^^^^^
  File "C:\Users\walee\AppData\Local\Programs\Python\Python311\Lib\site-packages\fastapi\routing.py", line 191, in run_endpoint_function
    return await dependant.call(**values)
           ^^^^^^^^^^^^^^^^^^^^^^^^^^^^^^
  File "C:\Users\walee\AppData\Local\Programs\Python\Python311\Lib\site-packages\slowapi\extension.py", line 734, in async_wrapper
    response = await func(*args, **kwargs)  # type: ignore
               ^^^^^^^^^^^^^^^^^^^^^^^^^^^
  File "C:\Users\walee\Desktop\FYP Portal\backend\app\routes\auth.py", line 82, in login_endpoint
    return await login_with_password(
           ^^^^^^^^^^^^^^^^^^^^^^^^^^
  File "C:\Users\walee\Desktop\FYP Portal\backend\app\services\auth_service.py", line 552, in login_with_password
    user = await find_user_by_role(identifier, role_hint)
           ^^^^^^^^^^^^^^^^^^^^^^^^^^^^^^^^^^^^^^^^^^^^^^
  File "C:\Users\walee\Desktop\FYP Portal\backend\app\services\auth_service.py", line 136, in find_user_by_role
    return await find_user_by_email(normalized)
           ^^^^^^^^^^^^^^^^^^^^^^^^^^^^^^^^^^^^
  File "C:\Users\walee\Desktop\FYP Portal\backend\app\services\auth_service.py", line 109, in find_user_by_email
    admin, supervisor, student = await asyncio.gather(
                                 ^^^^^^^^^^^^^^^^^^^^^
  File "C:\Users\walee\AppData\Local\Programs\Python\Python311\Lib\asyncio\threads.py", line 25, in to_thread
    return await loop.run_in_executor(None, func_call)
           ^^^^^^^^^^^^^^^^^^^^^^^^^^^^^^^^^^^^^^^^^^^
  File "C:\Users\walee\AppData\Local\Programs\Python\Python311\Lib\concurrent\futures\thread.py", line 58, in run
    result = self.fn(*self.args, **self.kwargs)
             ^^^^^^^^^^^^^^^^^^^^^^^^^^^^^^^^^^
  File "C:\Users\walee\Desktop\FYP Portal\backend\app\services\auth_service.py", line 110, in <lambda>
    asyncio.to_thread(lambda: client.table("admins").select("id, name, email, password_hash, must_change_password").eq("email", email_lower).eq("status", "active").execute()),
                              ^^^^^^^^^^^^^^^^^^^^^^^^^^^^^^^^^^^^^^^^^^^^^^^^^^^^^^^^^^^^^^^^^^^^^^^^^^^^^^^^^^^^^^^^^^^^^^^^^^^^^^^^^^^^^^^^^^^^^^^^^^^^^^^^^^^^^^^^^^^^^^^
  File "C:\Users\walee\AppData\Local\Programs\Python\Python311\Lib\site-packages\postgrest\_sync\request_builder.py", line 58, in execute
    r = self.session.request(
        ^^^^^^^^^^^^^^^^^^^^^
  File "C:\Users\walee\AppData\Local\Programs\Python\Python311\Lib\site-packages\httpx\_client.py", line 827, in request
    return self.send(request, auth=auth, follow_redirects=follow_redirects)
           ^^^^^^^^^^^^^^^^^^^^^^^^^^^^^^^^^^^^^^^^^^^^^^^^^^^^^^^^^^^^^^^^
  File "C:\Users\walee\AppData\Local\Programs\Python\Python311\Lib\site-packages\httpx\_client.py", line 914, in send
    response = self._send_handling_auth(
               ^^^^^^^^^^^^^^^^^^^^^^^^^
  File "C:\Users\walee\AppData\Local\Programs\Python\Python311\Lib\site-packages\httpx\_client.py", line 942, in _send_handling_auth
    response = self._send_handling_redirects(
               ^^^^^^^^^^^^^^^^^^^^^^^^^^^^^^
  File "C:\Users\walee\AppData\Local\Programs\Python\Python311\Lib\site-packages\httpx\_client.py", line 979, in _send_handling_redirects
    response = self._send_single_request(request)
               ^^^^^^^^^^^^^^^^^^^^^^^^^^^^^^^^^^
  File "C:\Users\walee\AppData\Local\Programs\Python\Python311\Lib\site-packages\httpx\_client.py", line 1015, in _send_single_request
    response = transport.handle_request(request)
               ^^^^^^^^^^^^^^^^^^^^^^^^^^^^^^^^^
  File "C:\Users\walee\AppData\Local\Programs\Python\Python311\Lib\site-packages\httpx\_transports\default.py", line 232, in handle_request
    with map_httpcore_exceptions():
  File "C:\Users\walee\AppData\Local\Programs\Python\Python311\Lib\contextlib.py", line 158, in __exit__
    self.gen.throw(typ, value, traceback)
  File "C:\Users\walee\AppData\Local\Programs\Python\Python311\Lib\site-packages\httpx\_transports\default.py", line 86, in map_httpcore_exceptions
    raise mapped_exc(message) from exc
httpx.RemoteProtocolError: Server disconnected
2026-07-12T17:20:40.226339Z [info     ] audit_log_written              [app.utils.audit] action_type=login_succeeded actor_id=db4fd228-98a9-45a5-af0a-3cde8a293251 resource_type=session
2026-07-12T17:22:56.296284Z [info     ] audit_log_written              [app.utils.audit] action_type=logout actor_id=db4fd228-98a9-45a5-af0a-3cde8a293251 resource_type=session
2026-07-12T17:27:35.435910Z [info     ] audit_log_written              [app.utils.audit] action_type=login_succeeded actor_id=db4fd228-98a9-45a5-af0a-3cde8a293251 resource_type=session
2026-07-12T17:30:35.073793Z [info     ] audit_log_written              [app.utils.audit] action_type=account_updated actor_id=db4fd228-98a9-45a5-af0a-3cde8a293251 resource_type=student
2026-07-12T17:44:26.706644Z [error    ] session_validation_db_error    [app.utils.auth_middleware] error=<ConnectionTerminated error_code:9, last_stream_id:9, additional_data:None>
2026-07-12T17:44:26.718815Z [error    ] session_validation_db_error    [app.utils.auth_middleware] error=<ConnectionTerminated error_code:9, last_stream_id:9, additional_data:None>
2026-07-12T17:44:33.486450Z [info     ] audit_log_written              [app.utils.audit] action_type=login_succeeded actor_id=db4fd228-98a9-45a5-af0a-3cde8a293251 resource_type=session
